// Jest Snapshot v1, https://goo.gl/fbAQLP

exports[`RenderMetaTags matches the snapshot 1`] = `null`;
